apiVersion: kustomize.config.k8s.io/v1beta1
kind: Kustomization
resources:
  - kube.yml
configMapGenerator:
  -
    name: projectName
    literals:
      - DOMAIN=.local.me
      - SOME_ENV_COMPOSED_VALUE=default_composed
      - SOME_ENV_VALUE=default
      - SOME_ENV_VALUE_KUBE2=default-kube2
vars:
  -
    name: DOMAIN
    objref:
      apiVersion: v1
      kind: ConfigMap
      name: projectName
    fieldref:
      fieldpath: data.DOMAIN
  -
    name: SOME_ENV_COMPOSED_VALUE
    objref:
      apiVersion: v1
      kind: ConfigMap
      name: projectName
    fieldref:
      fieldpath: data.SOME_ENV_COMPOSED_VALUE
  -
    name: SOME_ENV_VALUE
    objref:
      apiVersion: v1
      kind: ConfigMap
      name: projectName
    fieldref:
      fieldpath: data.SOME_ENV_VALUE
  -
    name: SOME_ENV_VALUE_KUBE2
    objref:
      apiVersion: v1
      kind: ConfigMap
      name: projectName
    fieldref:
      fieldpath: data.SOME_ENV_VALUE_KUBE2
