- SOME_SECRET_ENV_COMPOSED_VALUE
- SOME_SECRET_ENV_KUBE2
- SOME_SECRET_ENV_VALUE
