apiVersion: kustomize.config.k8s.io/v1beta1
kind: Kustomization
resources:
  - kube.yml
  - kube2.yml
patchesJson6902:
  -
    target:
      group: apps.openshift.io
      version: v1
      kind: DeploymentConfig
      name: mongodb
    path: patches/added-env-patch.json
configurations:
  - kustomize_configs/type1.yaml
  - kustomize_configs/type2.yaml
configMapGenerator:
  -
    name: transpiler
    literals:
      - DOMAIN=.local.me
      - SOME_ENV_COMPOSED_VALUE=default_composed
      - SOME_ENV_VALUE=default
      - SOME_ENV_VALUE_KUBE2=default-kube2
vars:
  -
    name: DOMAIN
    objref:
      apiVersion: v1
      kind: ConfigMap
      name: transpiler
    fieldref:
      fieldpath: data.DOMAIN
  -
    name: SOME_ENV_COMPOSED_VALUE
    objref:
      apiVersion: v1
      kind: ConfigMap
      name: transpiler
    fieldref:
      fieldpath: data.SOME_ENV_COMPOSED_VALUE
  -
    name: SOME_ENV_VALUE
    objref:
      apiVersion: v1
      kind: ConfigMap
      name: transpiler
    fieldref:
      fieldpath: data.SOME_ENV_VALUE
  -
    name: SOME_ENV_VALUE_KUBE2
    objref:
      apiVersion: v1
      kind: ConfigMap
      name: transpiler
    fieldref:
      fieldpath: data.SOME_ENV_VALUE_KUBE2
