version: 99
services:
  fred:
    image: 'fred:latest'
    addedKey: yeah
  fred-expose:
    image: 'nginx:5.5.5'
  hans:
    image: 'hans:2.0.0'
    addedKey: yeah
    oneMoreKey: why
  my-setup:
    image: 'org/xckb-setup:3.0.0'
networks:
  internal:
    external: false
