version: 1
services:
  fred:
    image: 'fred:latest'
    addedKey: yeah
    literalDude: [1, 2]
networks:
  internal:
    external: false
