version: 99
services:
  fred:
    image: 'fred:latest'
  memcached:
    image: memcached:latest

networks:
  internal:
    external: false
